Starting ResNet18 W2A2 experiment at Mon Sep  1 03:27:42 PM CEST 2025
==> Using Pytorch Dataset
Setting the first and the last layer to 8-bit
the quantized model is below!
QuantModel(
  (model): ResNet(
    (conv1): QuantModule(
      wbit=8, abit=2, disable_act_quant=False
      (weight_quantizer): UniformAffineQuantizer(bit=8, is_training=False, inited=True)
      (act_quantizer): UniformAffineQuantizer(bit=2, is_training=False, inited=True)
      (norm_function): StraightThrough()
      (activation_function): ReLU(inplace=True)
    )
    (bn1): StraightThrough()
    (relu): StraightThrough()
    (maxpool): MaxPool2d(kernel_size=3, stride=2, padding=1, dilation=1, ceil_mode=False)
    (layer1): Sequential(
      (0): QuantBasicBlock(
        (conv1): QuantModule(
          wbit=2, abit=2, disable_act_quant=False
          (weight_quantizer): UniformAffineQuantizer(bit=2, is_training=False, inited=True)
          (act_quantizer): UniformAffineQuantizer(bit=2, is_training=False, inited=True)
          (norm_function): StraightThrough()
          (activation_function): ReLU(inplace=True)
        )
        (conv2): QuantModule(
          wbit=2, abit=2, disable_act_quant=True
          (weight_quantizer): UniformAffineQuantizer(bit=2, is_training=False, inited=True)
          (act_quantizer): UniformAffineQuantizer(bit=2, is_training=False, inited=True)
          (norm_function): StraightThrough()
          (activation_function): StraightThrough()
        )
        (activation_function): ReLU(inplace=True)
        (act_quantizer): UniformAffineQuantizer(bit=2, is_training=False, inited=True)
      )
      (1): QuantBasicBlock(
        (conv1): QuantModule(
          wbit=2, abit=2, disable_act_quant=False
          (weight_quantizer): UniformAffineQuantizer(bit=2, is_training=False, inited=True)
          (act_quantizer): UniformAffineQuantizer(bit=2, is_training=False, inited=True)
          (norm_function): StraightThrough()
          (activation_function): ReLU(inplace=True)
        )
        (conv2): QuantModule(
          wbit=2, abit=2, disable_act_quant=True
          (weight_quantizer): UniformAffineQuantizer(bit=2, is_training=False, inited=True)
          (act_quantizer): UniformAffineQuantizer(bit=2, is_training=False, inited=True)
          (norm_function): StraightThrough()
          (activation_function): StraightThrough()
        )
        (activation_function): ReLU(inplace=True)
        (act_quantizer): UniformAffineQuantizer(bit=2, is_training=False, inited=True)
      )
    )
    (layer2): Sequential(
      (0): QuantBasicBlock(
        (conv1): QuantModule(
          wbit=2, abit=2, disable_act_quant=False
          (weight_quantizer): UniformAffineQuantizer(bit=2, is_training=False, inited=True)
          (act_quantizer): UniformAffineQuantizer(bit=2, is_training=False, inited=True)
          (norm_function): StraightThrough()
          (activation_function): ReLU(inplace=True)
        )
        (conv2): QuantModule(
          wbit=2, abit=2, disable_act_quant=True
          (weight_quantizer): UniformAffineQuantizer(bit=2, is_training=False, inited=True)
          (act_quantizer): UniformAffineQuantizer(bit=2, is_training=False, inited=True)
          (norm_function): StraightThrough()
          (activation_function): StraightThrough()
        )
        (downsample): QuantModule(
          wbit=2, abit=2, disable_act_quant=True
          (weight_quantizer): UniformAffineQuantizer(bit=2, is_training=False, inited=True)
          (act_quantizer): UniformAffineQuantizer(bit=2, is_training=False, inited=True)
          (norm_function): StraightThrough()
          (activation_function): StraightThrough()
        )
        (activation_function): ReLU(inplace=True)
        (act_quantizer): UniformAffineQuantizer(bit=2, is_training=False, inited=True)
      )
      (1): QuantBasicBlock(
        (conv1): QuantModule(
          wbit=2, abit=2, disable_act_quant=False
          (weight_quantizer): UniformAffineQuantizer(bit=2, is_training=False, inited=True)
          (act_quantizer): UniformAffineQuantizer(bit=2, is_training=False, inited=True)
          (norm_function): StraightThrough()
          (activation_function): ReLU(inplace=True)
        )
        (conv2): QuantModule(
          wbit=2, abit=2, disable_act_quant=True
          (weight_quantizer): UniformAffineQuantizer(bit=2, is_training=False, inited=True)
          (act_quantizer): UniformAffineQuantizer(bit=2, is_training=False, inited=True)
          (norm_function): StraightThrough()
          (activation_function): StraightThrough()
        )
        (activation_function): ReLU(inplace=True)
        (act_quantizer): UniformAffineQuantizer(bit=2, is_training=False, inited=True)
      )
    )
    (layer3): Sequential(
      (0): QuantBasicBlock(
        (conv1): QuantModule(
          wbit=2, abit=2, disable_act_quant=False
          (weight_quantizer): UniformAffineQuantizer(bit=2, is_training=False, inited=True)
          (act_quantizer): UniformAffineQuantizer(bit=2, is_training=False, inited=True)
          (norm_function): StraightThrough()
          (activation_function): ReLU(inplace=True)
        )
        (conv2): QuantModule(
          wbit=2, abit=2, disable_act_quant=True
          (weight_quantizer): UniformAffineQuantizer(bit=2, is_training=False, inited=True)
          (act_quantizer): UniformAffineQuantizer(bit=2, is_training=False, inited=True)
          (norm_function): StraightThrough()
          (activation_function): StraightThrough()
        )
        (downsample): QuantModule(
          wbit=2, abit=2, disable_act_quant=True
          (weight_quantizer): UniformAffineQuantizer(bit=2, is_training=False, inited=True)
          (act_quantizer): UniformAffineQuantizer(bit=2, is_training=False, inited=True)
          (norm_function): StraightThrough()
          (activation_function): StraightThrough()
        )
        (activation_function): ReLU(inplace=True)
        (act_quantizer): UniformAffineQuantizer(bit=2, is_training=False, inited=True)
      )
      (1): QuantBasicBlock(
        (conv1): QuantModule(
          wbit=2, abit=2, disable_act_quant=False
          (weight_quantizer): UniformAffineQuantizer(bit=2, is_training=False, inited=True)
          (act_quantizer): UniformAffineQuantizer(bit=2, is_training=False, inited=True)
          (norm_function): StraightThrough()
          (activation_function): ReLU(inplace=True)
        )
        (conv2): QuantModule(
          wbit=2, abit=2, disable_act_quant=True
          (weight_quantizer): UniformAffineQuantizer(bit=2, is_training=False, inited=True)
          (act_quantizer): UniformAffineQuantizer(bit=2, is_training=False, inited=True)
          (norm_function): StraightThrough()
          (activation_function): StraightThrough()
        )
        (activation_function): ReLU(inplace=True)
        (act_quantizer): UniformAffineQuantizer(bit=2, is_training=False, inited=True)
      )
    )
    (layer4): Sequential(
      (0): QuantBasicBlock(
        (conv1): QuantModule(
          wbit=2, abit=2, disable_act_quant=False
          (weight_quantizer): UniformAffineQuantizer(bit=2, is_training=False, inited=True)
          (act_quantizer): UniformAffineQuantizer(bit=2, is_training=False, inited=True)
          (norm_function): StraightThrough()
          (activation_function): ReLU(inplace=True)
        )
        (conv2): QuantModule(
          wbit=2, abit=2, disable_act_quant=True
          (weight_quantizer): UniformAffineQuantizer(bit=2, is_training=False, inited=True)
          (act_quantizer): UniformAffineQuantizer(bit=2, is_training=False, inited=True)
          (norm_function): StraightThrough()
          (activation_function): StraightThrough()
        )
        (downsample): QuantModule(
          wbit=2, abit=2, disable_act_quant=True
          (weight_quantizer): UniformAffineQuantizer(bit=2, is_training=False, inited=True)
          (act_quantizer): UniformAffineQuantizer(bit=2, is_training=False, inited=True)
          (norm_function): StraightThrough()
          (activation_function): StraightThrough()
        )
        (activation_function): ReLU(inplace=True)
        (act_quantizer): UniformAffineQuantizer(bit=2, is_training=False, inited=True)
      )
      (1): QuantBasicBlock(
        (conv1): QuantModule(
          wbit=2, abit=2, disable_act_quant=False
          (weight_quantizer): UniformAffineQuantizer(bit=2, is_training=False, inited=True)
          (act_quantizer): UniformAffineQuantizer(bit=2, is_training=False, inited=True)
          (norm_function): StraightThrough()
          (activation_function): ReLU(inplace=True)
        )
        (conv2): QuantModule(
          wbit=2, abit=2, disable_act_quant=True
          (weight_quantizer): UniformAffineQuantizer(bit=2, is_training=False, inited=True)
          (act_quantizer): UniformAffineQuantizer(bit=2, is_training=False, inited=True)
          (norm_function): StraightThrough()
          (activation_function): StraightThrough()
        )
        (activation_function): ReLU(inplace=True)
        (act_quantizer): UniformAffineQuantizer(bit=8, is_training=False, inited=True)
      )
    )
    (avgpool): AdaptiveAvgPool2d(output_size=(1, 1))
    (fc): QuantModule(
      wbit=8, abit=2, disable_act_quant=True
      (weight_quantizer): UniformAffineQuantizer(bit=8, is_training=False, inited=True)
      (act_quantizer): UniformAffineQuantizer(bit=2, is_training=False, inited=True)
      (norm_function): StraightThrough()
      (activation_function): StraightThrough()
    )
  )
)
/home/alz07xz/project/Cluster-based-Affine-Transformation/quant/quant_layer.py:141: UserWarning: _aminmax is deprecated as of PyTorch 1.11 and will be removed in a future release. Use aminmax instead. This warning will only appear once per process. (Triggered internally at /pytorch/aten/src/ATen/native/TensorCompare.cpp:814.)
  x_min, x_max = torch._aminmax(y, 1)
Reconstruction for layer conv1
Start correcting 32 batches of data!
  0%|          | 0/32 [00:00<?, ?it/s]  3%|▎         | 1/32 [00:03<01:34,  3.05s/it]  6%|▋         | 2/32 [00:05<01:16,  2.56s/it]slurmstepd-jnfat06: error: *** JOB 1597561 ON jnfat06 CANCELLED AT 2025-09-01T15:29:06 ***
