Starting ResNet18 W4A4 with 1000000 samples experiment at Tue Sep  9 03:43:19 AM CEST 2025
Running experiment with seed=1001
==> Using Pytorch Dataset
Setting the first and the last layer to 8-bit
the quantized model is below!
QuantModel(
  (model): ResNet(
    (conv1): QuantModule(
      wbit=8, abit=4, disable_act_quant=False
      (weight_quantizer): UniformAffineQuantizer(bit=8, is_training=False, inited=True)
      (act_quantizer): UniformAffineQuantizer(bit=4, is_training=False, inited=True)
      (norm_function): StraightThrough()
      (activation_function): ReLU(inplace=True)
    )
    (bn1): StraightThrough()
    (relu): StraightThrough()
    (maxpool): MaxPool2d(kernel_size=3, stride=2, padding=1, dilation=1, ceil_mode=False)
    (layer1): Sequential(
      (0): QuantBasicBlock(
        (conv1): QuantModule(
          wbit=4, abit=4, disable_act_quant=False
          (weight_quantizer): UniformAffineQuantizer(bit=4, is_training=False, inited=True)
          (act_quantizer): UniformAffineQuantizer(bit=4, is_training=False, inited=True)
          (norm_function): StraightThrough()
          (activation_function): ReLU(inplace=True)
        )
        (conv2): QuantModule(
          wbit=4, abit=4, disable_act_quant=True
          (weight_quantizer): UniformAffineQuantizer(bit=4, is_training=False, inited=True)
          (act_quantizer): UniformAffineQuantizer(bit=4, is_training=False, inited=True)
          (norm_function): StraightThrough()
          (activation_function): StraightThrough()
        )
        (activation_function): ReLU(inplace=True)
        (act_quantizer): UniformAffineQuantizer(bit=4, is_training=False, inited=True)
      )
      (1): QuantBasicBlock(
        (conv1): QuantModule(
          wbit=4, abit=4, disable_act_quant=False
          (weight_quantizer): UniformAffineQuantizer(bit=4, is_training=False, inited=True)
          (act_quantizer): UniformAffineQuantizer(bit=4, is_training=False, inited=True)
          (norm_function): StraightThrough()
          (activation_function): ReLU(inplace=True)
        )
        (conv2): QuantModule(
          wbit=4, abit=4, disable_act_quant=True
          (weight_quantizer): UniformAffineQuantizer(bit=4, is_training=False, inited=True)
          (act_quantizer): UniformAffineQuantizer(bit=4, is_training=False, inited=True)
          (norm_function): StraightThrough()
          (activation_function): StraightThrough()
        )
        (activation_function): ReLU(inplace=True)
        (act_quantizer): UniformAffineQuantizer(bit=4, is_training=False, inited=True)
      )
    )
    (layer2): Sequential(
      (0): QuantBasicBlock(
        (conv1): QuantModule(
          wbit=4, abit=4, disable_act_quant=False
          (weight_quantizer): UniformAffineQuantizer(bit=4, is_training=False, inited=True)
          (act_quantizer): UniformAffineQuantizer(bit=4, is_training=False, inited=True)
          (norm_function): StraightThrough()
          (activation_function): ReLU(inplace=True)
        )
        (conv2): QuantModule(
          wbit=4, abit=4, disable_act_quant=True
          (weight_quantizer): UniformAffineQuantizer(bit=4, is_training=False, inited=True)
          (act_quantizer): UniformAffineQuantizer(bit=4, is_training=False, inited=True)
          (norm_function): StraightThrough()
          (activation_function): StraightThrough()
        )
        (downsample): QuantModule(
          wbit=4, abit=4, disable_act_quant=True
          (weight_quantizer): UniformAffineQuantizer(bit=4, is_training=False, inited=True)
          (act_quantizer): UniformAffineQuantizer(bit=4, is_training=False, inited=True)
          (norm_function): StraightThrough()
          (activation_function): StraightThrough()
        )
        (activation_function): ReLU(inplace=True)
        (act_quantizer): UniformAffineQuantizer(bit=4, is_training=False, inited=True)
      )
      (1): QuantBasicBlock(
        (conv1): QuantModule(
          wbit=4, abit=4, disable_act_quant=False
          (weight_quantizer): UniformAffineQuantizer(bit=4, is_training=False, inited=True)
          (act_quantizer): UniformAffineQuantizer(bit=4, is_training=False, inited=True)
          (norm_function): StraightThrough()
          (activation_function): ReLU(inplace=True)
        )
        (conv2): QuantModule(
          wbit=4, abit=4, disable_act_quant=True
          (weight_quantizer): UniformAffineQuantizer(bit=4, is_training=False, inited=True)
          (act_quantizer): UniformAffineQuantizer(bit=4, is_training=False, inited=True)
          (norm_function): StraightThrough()
          (activation_function): StraightThrough()
        )
        (activation_function): ReLU(inplace=True)
        (act_quantizer): UniformAffineQuantizer(bit=4, is_training=False, inited=True)
      )
    )
    (layer3): Sequential(
      (0): QuantBasicBlock(
        (conv1): QuantModule(
          wbit=4, abit=4, disable_act_quant=False
          (weight_quantizer): UniformAffineQuantizer(bit=4, is_training=False, inited=True)
          (act_quantizer): UniformAffineQuantizer(bit=4, is_training=False, inited=True)
          (norm_function): StraightThrough()
          (activation_function): ReLU(inplace=True)
        )
        (conv2): QuantModule(
          wbit=4, abit=4, disable_act_quant=True
          (weight_quantizer): UniformAffineQuantizer(bit=4, is_training=False, inited=True)
          (act_quantizer): UniformAffineQuantizer(bit=4, is_training=False, inited=True)
          (norm_function): StraightThrough()
          (activation_function): StraightThrough()
        )
        (downsample): QuantModule(
          wbit=4, abit=4, disable_act_quant=True
          (weight_quantizer): UniformAffineQuantizer(bit=4, is_training=False, inited=True)
          (act_quantizer): UniformAffineQuantizer(bit=4, is_training=False, inited=True)
          (norm_function): StraightThrough()
          (activation_function): StraightThrough()
        )
        (activation_function): ReLU(inplace=True)
        (act_quantizer): UniformAffineQuantizer(bit=4, is_training=False, inited=True)
      )
      (1): QuantBasicBlock(
        (conv1): QuantModule(
          wbit=4, abit=4, disable_act_quant=False
          (weight_quantizer): UniformAffineQuantizer(bit=4, is_training=False, inited=True)
          (act_quantizer): UniformAffineQuantizer(bit=4, is_training=False, inited=True)
          (norm_function): StraightThrough()
          (activation_function): ReLU(inplace=True)
        )
        (conv2): QuantModule(
          wbit=4, abit=4, disable_act_quant=True
          (weight_quantizer): UniformAffineQuantizer(bit=4, is_training=False, inited=True)
          (act_quantizer): UniformAffineQuantizer(bit=4, is_training=False, inited=True)
          (norm_function): StraightThrough()
          (activation_function): StraightThrough()
        )
        (activation_function): ReLU(inplace=True)
        (act_quantizer): UniformAffineQuantizer(bit=4, is_training=False, inited=True)
      )
    )
    (layer4): Sequential(
      (0): QuantBasicBlock(
        (conv1): QuantModule(
          wbit=4, abit=4, disable_act_quant=False
          (weight_quantizer): UniformAffineQuantizer(bit=4, is_training=False, inited=True)
          (act_quantizer): UniformAffineQuantizer(bit=4, is_training=False, inited=True)
          (norm_function): StraightThrough()
          (activation_function): ReLU(inplace=True)
        )
        (conv2): QuantModule(
          wbit=4, abit=4, disable_act_quant=True
          (weight_quantizer): UniformAffineQuantizer(bit=4, is_training=False, inited=True)
          (act_quantizer): UniformAffineQuantizer(bit=4, is_training=False, inited=True)
          (norm_function): StraightThrough()
          (activation_function): StraightThrough()
        )
        (downsample): QuantModule(
          wbit=4, abit=4, disable_act_quant=True
          (weight_quantizer): UniformAffineQuantizer(bit=4, is_training=False, inited=True)
          (act_quantizer): UniformAffineQuantizer(bit=4, is_training=False, inited=True)
          (norm_function): StraightThrough()
          (activation_function): StraightThrough()
        )
        (activation_function): ReLU(inplace=True)
        (act_quantizer): UniformAffineQuantizer(bit=4, is_training=False, inited=True)
      )
      (1): QuantBasicBlock(
        (conv1): QuantModule(
          wbit=4, abit=4, disable_act_quant=False
          (weight_quantizer): UniformAffineQuantizer(bit=4, is_training=False, inited=True)
          (act_quantizer): UniformAffineQuantizer(bit=4, is_training=False, inited=True)
          (norm_function): StraightThrough()
          (activation_function): ReLU(inplace=True)
        )
        (conv2): QuantModule(
          wbit=4, abit=4, disable_act_quant=True
          (weight_quantizer): UniformAffineQuantizer(bit=4, is_training=False, inited=True)
          (act_quantizer): UniformAffineQuantizer(bit=4, is_training=False, inited=True)
          (norm_function): StraightThrough()
          (activation_function): StraightThrough()
        )
        (activation_function): ReLU(inplace=True)
        (act_quantizer): UniformAffineQuantizer(bit=8, is_training=False, inited=True)
      )
    )
    (avgpool): AdaptiveAvgPool2d(output_size=(1, 1))
    (fc): QuantModule(
      wbit=8, abit=4, disable_act_quant=True
      (weight_quantizer): UniformAffineQuantizer(bit=8, is_training=False, inited=True)
      (act_quantizer): UniformAffineQuantizer(bit=4, is_training=False, inited=True)
      (norm_function): StraightThrough()
      (activation_function): StraightThrough()
    )
  )
)
slurmstepd-jnfat07: error: Detected 6 oom_kill events in StepId=1643782.batch. Some of the step tasks have been OOM Killed.
